# a simple maze.map
name: A SIMPLE MAZE
size: 8x8
spawn: 4, 5.5 facing=N
role: community

[grid]
........
........
........
........
........
........
........
........

[partitions]
1,2 -> 4,2  style=chevron height=full crawl=no
4,3 -> 7,3  style=chevron height=full crawl=no
2,8 -> 6,8  style=chevron height=full crawl=no
6,8 -> 6,5  style=chevron height=full crawl=no
5,0 -> 8,0  style=chevron height=full crawl=no
8,0 -> 8,3  style=chevron height=full crawl=no
8,3 -> 5,3  style=chevron height=full crawl=no
3,1 -> 6,1  style=chevron height=full crawl=no
6,1 -> 6,4  style=chevron height=full crawl=no
0,0 -> 3,0  style=chevron height=full crawl=no
3,3 -> 0,3  style=chevron height=full crawl=no
0,3 -> 0,0  style=chevron height=full crawl=no
0,5 -> 3,5  style=chevron height=full crawl=no
3,8 -> 0,8  style=chevron height=full crawl=no
0,8 -> 0,5  style=chevron height=full crawl=no

[decals]
door   4.5,0 face=N
outlet 3.5,0 face=N
outlet 0,3.5 face=W
outlet 0,4.5 face=W
outlet 6,6.5 face=E
outlet 1.5,5 face=N
outlet 0,6.5 face=W
outlet 2.5,3 face=N
outlet 2.5,2 face=N
chair  2.5,0.5 face=N

[lights]
3,1
5,1
1,3
3,3
5,3
1,5
3,5
5,5
1,7
3,7
7,5
7,3
7,1
7,7
5,7
1,1

[options]
place_outlets: 0
place_exit_door: 0
lobby_ceiling: 0
