# so_many_exits.map
name: SO_MANY_EXITS
size: 32x32
spawn: 26.5, 27.5 facing=N
role: community

[grid]
################################
#...............#..#.#.........#
#.......#..#..#......#.........#
#.##...###.#..#..##..#.........#
#.#..#..#..#..#......#.........#
#.#.###....#..###..#.#.........#
#.#..#..#..#...#.....#.........#
#.##...#####...#.##..#.##...##.#
#.......#......#.....#.#.....#.#
#.#.#.#.#......##..#.#.#.....#.#
#.......#......#.....#.#.....#.#
#.#.#.#.#......#.##..#.#.....#.#
#.......#......#.....#.#.....#.#
#.#.#.#.#......##..#.#.#.....#.#
#.......#......#.....#.#.....#.#
#.#.#.#.########.##....#.....#.#
#......................#.....#.#
#.##########..#.#..#.#.#.....#.#
#.............#......#.#.....#.#
#.#####.##.####......#.#.....#.#
#.#........#..#......#.#.....#.#
#.#.########..#......#.#.....#.#
#.#...........#......#.#.....#.#
#.#.#########.#......#.#.....#.#
#.#.........#.########.#.....#.#
#.#####.....#..........#.....#.#
#........####..........#.....#.#
#######..#.#...###.....#.....#.#
#........#.###.........#######.#
#.######.#.#.#.................#
#..............................#
################################

[partitions]
23,2 -> 30,2  style=chevron height=full crawl=no
23,6 -> 30,6  style=chevron height=full crawl=no
19,26 -> 19,30  style=chevron height=full crawl=no
19,30 -> 23,30  style=chevron height=full crawl=no
23,30 -> 23,29  style=chevron height=full crawl=no
19,26 -> 22,26  style=chevron height=full crawl=no

[decals]
pvm    26.5,18.5 face=N
outlet 29,22.5 face=E
door   11.5,15 face=S
door   9.5,15 face=S
door   10.5,15 face=S
door   12.5,15 face=N
door   13.5,15 face=S
door   14.5,15 face=S
door   9,14.5 face=W
door   9,12.5 face=W
door   9,11.5 face=W
door   9,10.5 face=W
door   9,9.5 face=W
door   9,8.5 face=W
door   9.5,8 face=N
door   10.5,8 face=N
door   11.5,8 face=N
door   15,14.5 face=E
door   15,13.5 face=E
door   15,12.5 face=W
door   15,11.5 face=W
door   15,10.5 face=W
door   15,9.5 face=W
door   15,8.5 face=E
outlet 24,22.5 face=W
outlet 29,14.5 face=E
outlet 24,14.5 face=W
door   9,13.5 face=W

[dark]
12,5 -> 14,7
9,8 -> 14,14

[lights]
1,1
3,1
5,1
7,1
9,1
11,1
13,1
15,1
17,1
23,1
25,1
27,1
29,1
1,3
5,3
13,3
15,3
19,3
23,3
25,3
27,3
29,3
1,5
3,5
7,5
9,5
17,5
23,5
25,5
27,5
29,5
1,7
5,7
19,7
25,7
27,7
1,9
3,9
5,9
7,9
17,9
25,9
27,9
1,11
3,11
5,11
7,11
19,11
25,11
27,11
1,13
3,13
5,13
7,13
17,13
25,13
27,13
1,15
3,15
5,15
7,15
19,15
21,15
25,15
27,15
1,17
13,17
15,17
17,17
25,17
27,17
1,19
7,19
15,19
17,19
19,19
25,19
27,19
1,21
3,21
13,21
15,21
17,21
19,21
25,21
27,21
1,23
3,23
13,23
15,23
17,23
19,23
25,23
27,23
1,25
7,25
9,25
11,25
13,25
15,25
17,25
19,25
21,25
25,25
27,25
7,27
13,27
19,27
21,27
25,27
27,27
1,29
15,29
17,29
19,29
21,29
23,29
25,29
27,29
29,29

[options]
place_outlets: 0
place_exit_door: 0
lobby_ceiling: 0
