# lobby.map - the HobbyTown lobby (the start-game menu room), extracted from
# lobby_map + raycast_load_lobby. X = the black-exit doorway into a level.
# spawn angle 184 rounded to nearest cardinal (N) for the editor.
name: LOBBY
size: 32x32
spawn: 5.0, 7.6 facing=N

[grid]
################################
################################
##.......X######################
##.......X######################
##.......X######################
##.......X######################
##.....#########################
##.....#########################
################################
################################
################################
################################
################################
################################
################################
################################
################################
################################
################################
################################
################################
################################
################################
################################
################################
################################
################################
################################
################################
################################
################################
################################

[partitions]
3,2 -> 3,4  style=spotted height=full
3,3 -> 4,3  style=spotted height=low
2,6 -> 4,6  style=spotted height=full
5,6 -> 7,6  style=chevron height=full

[decals]
outlet 5.33,6.0 face=S z=0.20

[options]
place_outlets: 0
place_exit_door: 0
lobby_ceiling: 1
