# cairo.map
name: CAIRO
size: 32x32
spawn: 15.5, 14.5 facing=N
role: curated
author: SmokeMonsterPacks

[grid]
..#.##..##.#.##.##.###.###.#.##.
.#.#..##..#.#..#..#...#...#.#..#
.#..#...#...#..#..#..#...#....#.
#.#..#..##...#.#.#...#..#....##.
#.##..#..#...#...#..#..#....##.#
#..#...#..#..#..#..#..#....##..#
#..##...#..#..#.#.#...#...##...#
.#..##...#..#.#.#.#..#...##....#
#....##...#...#.#...#...#.....#.
.#.....##..#..#....#...#.....#.#
#.###.......#..#..#...#....##..#
#...####.....#...#...#..###....#
.##.....###..#...#..#..#.....##.
#...###.......#.#..#..#...###..#
.###.....####.....#.....##.....#
#......##.....#.#.....##....###.
#...###.....##...#..##.........#
#.###.....##...#..#....####....#
.##..#...#.....#...#.......####.
#...#...#..#..#..#..#...##.....#
..#...##..#..#..#....##...#....#
.#..###..#..#...#.#...##...###.#
.###....#..#...#..##....##...##.
#....##...#...#..#..##...##....#
.####...##...#..#.....#...##...#
#.....##....#..#......#....##..#
#..###....##...#.......#.#..##.#
.##......##....###.#####..#..##.
#......###..#.#..#......#..#...#
#.#...##...#..#########.#...#..#
##..##....#.............###..#.#
.###..####.#############...##.#.

[crawl]
15,30 dir=E len=9
18,28 dir=E len=6
23,29 dir=E len=1
18,27 dir=E len=1

[decals]
door   19.5,23 face=S
neanderthal 18.5,23.5 face=N
neanderthal 19.5,23.5 face=N
neanderthal 18.5,24.5 face=N
neanderthal 19.5,24.5 face=N
neanderthal 20.5,24.5 face=N
neanderthal 21.5,24.5 face=N
neanderthal 20.5,25.5 face=N
neanderthal 19.5,25.5 face=N
neanderthal 18.5,25.5 face=N
neanderthal 17.5,24.5 face=N

[lights]
2,1
30,1
30,30
1,29
1,17
30,13
1,3
21,1
25,1
30,26
30,21
30,4
8,1
0,22
6,30
11,30
28,30
30,9
1,10
1,23
1,26
19,23
13,1
4,1

[options]
place_outlets: 0
place_exit_door: 0
lobby_ceiling: 0
