# ch2depths.map
name: CH2DEPTHS
size: 32x32
spawn: 16.5, 28.5 facing=N
role: curated
author: mike

[grid]
################################
#..............................#
#..............................#
#..........#...#...............#
#..........##..#...............#
#.........###..#...............#
#..#......###..#...............#
#..#......#....................#
#..#......#....................#
#..#.#....#....................#
#..#.##.......#...#............#
#..#.##.......#...#............#
#....##.......#...#............#
#....##.....#.#...#............#
#.....#.....#.#...#............#
#...........#.....##...........#
#...........#......#...........#
#................#.#...........#
#....#...........#.............#
#....#...........#....#........#
#....#...........#....#........#
#....#................#........#
#.......#.....#.......#........#
#.......#.....#................#
#.......#.....#................#
#.......#......................#
#.......#......................#
#..............................#
#..............................#
#..............................#
#..............................#
################################

[decals]
door   16.5,1 face=N

[options]
place_outlets: 6
place_exit_door: 0
lobby_ceiling: 0
